Copyright 1986-2022 Xilinx, Inc. All Rights Reserved. Copyright 2022-2024 Advanced Micro Devices, Inc. All Rights Reserved.
------------------------------------------------------------------------------------------------------------------------------------------------------------------------------------------------------------------
| Tool Version : Vivado v.2024.2 (win64) Build 5239630 Fri Nov 08 22:35:27 MST 2024
| Date         : Tue Mar 25 14:01:09 2025
| Host         : B3N4Pz running 64-bit major release  (build 9200)
| Command      : report_timing_summary -max_paths 10 -report_unconstrained -file topGHLM_timing_summary_routed.rpt -pb topGHLM_timing_summary_routed.pb -rpx topGHLM_timing_summary_routed.rpx -warn_on_violation
| Design       : topGHLM
| Device       : 7z010-clg400
| Speed File   : -1  PRODUCTION 1.12 2019-11-22
| Design State : Routed
------------------------------------------------------------------------------------------------------------------------------------------------------------------------------------------------------------------

Timing Summary Report

------------------------------------------------------------------------------------------------
| Timer Settings
| --------------
------------------------------------------------------------------------------------------------

  Enable Multi Corner Analysis               :  Yes
  Enable Pessimism Removal                   :  Yes
  Pessimism Removal Resolution               :  Nearest Common Node
  Enable Input Delay Default Clock           :  No
  Enable Preset / Clear Arcs                 :  No
  Disable Flight Delays                      :  No
  Ignore I/O Paths                           :  No
  Timing Early Launch at Borrowing Latches   :  No
  Borrow Time for Max Delay Exceptions       :  Yes
  Merge Timing Exceptions                    :  Yes
  Inter-SLR Compensation                     :  Conservative

  Corner  Analyze    Analyze    
  Name    Max Paths  Min Paths  
  ------  ---------  ---------  
  Slow    Yes        Yes        
  Fast    Yes        Yes        


------------------------------------------------------------------------------------------------
| Report Methodology
| ------------------
------------------------------------------------------------------------------------------------

Rule       Severity          Description                  Violations  
---------  ----------------  ---------------------------  ----------  
TIMING-17  Critical Warning  Non-clocked sequential cell  702         

Note: This report is based on the most recent report_methodology run and may not be up-to-date. Run report_methodology on the current design for the latest report.



check_timing report

Table of Contents
-----------------
1. checking no_clock (702)
2. checking constant_clock (0)
3. checking pulse_width_clock (0)
4. checking unconstrained_internal_endpoints (2024)
5. checking no_input_delay (2)
6. checking no_output_delay (3)
7. checking multiple_clock (0)
8. checking generated_clocks (0)
9. checking loops (0)
10. checking partial_input_delay (0)
11. checking partial_output_delay (0)
12. checking latch_loops (0)

1. checking no_clock (702)
--------------------------
 There are 702 register/latch pins with no clock driven by root clock pin: clk (HIGH)


2. checking constant_clock (0)
------------------------------
 There are 0 register/latch pins with constant_clock.


3. checking pulse_width_clock (0)
---------------------------------
 There are 0 register/latch pins which need pulse_width check


4. checking unconstrained_internal_endpoints (2024)
---------------------------------------------------
 There are 2024 pins that are not constrained for maximum delay. (HIGH)

 There are 0 pins that are not constrained for maximum delay due to constant clock.


5. checking no_input_delay (2)
------------------------------
 There are 2 input ports with no input delay specified. (HIGH)

 There are 0 input ports with no input delay but user has a false path constraint.


6. checking no_output_delay (3)
-------------------------------
 There are 3 ports with no output delay specified. (HIGH)

 There are 0 ports with no output delay but user has a false path constraint

 There are 0 ports with no output delay but with a timing clock defined on it or propagating through it


7. checking multiple_clock (0)
------------------------------
 There are 0 register/latch pins with multiple clocks.


8. checking generated_clocks (0)
--------------------------------
 There are 0 generated clocks that are not connected to a clock source.


9. checking loops (0)
---------------------
 There are 0 combinational loops in the design.


10. checking partial_input_delay (0)
------------------------------------
 There are 0 input ports with partial input delay specified.


11. checking partial_output_delay (0)
-------------------------------------
 There are 0 ports with partial output delay specified.


12. checking latch_loops (0)
----------------------------
 There are 0 combinational latch loops in the design through latch input



------------------------------------------------------------------------------------------------
| Design Timing Summary
| ---------------------
------------------------------------------------------------------------------------------------

    WNS(ns)      TNS(ns)  TNS Failing Endpoints  TNS Total Endpoints      WHS(ns)      THS(ns)  THS Failing Endpoints  THS Total Endpoints     WPWS(ns)     TPWS(ns)  TPWS Failing Endpoints  TPWS Total Endpoints  
    -------      -------  ---------------------  -------------------      -------      -------  ---------------------  -------------------     --------     --------  ----------------------  --------------------  
        inf        0.000                      0                 2027          inf        0.000                      0                 2027           NA           NA                      NA                    NA  


There are no user specified timing constraints.


------------------------------------------------------------------------------------------------
| Clock Summary
| -------------
------------------------------------------------------------------------------------------------


------------------------------------------------------------------------------------------------
| Intra Clock Table
| -----------------
------------------------------------------------------------------------------------------------

Clock             WNS(ns)      TNS(ns)  TNS Failing Endpoints  TNS Total Endpoints      WHS(ns)      THS(ns)  THS Failing Endpoints  THS Total Endpoints     WPWS(ns)     TPWS(ns)  TPWS Failing Endpoints  TPWS Total Endpoints  
-----             -------      -------  ---------------------  -------------------      -------      -------  ---------------------  -------------------     --------     --------  ----------------------  --------------------  


------------------------------------------------------------------------------------------------
| Inter Clock Table
| -----------------
------------------------------------------------------------------------------------------------

From Clock    To Clock          WNS(ns)      TNS(ns)  TNS Failing Endpoints  TNS Total Endpoints      WHS(ns)      THS(ns)  THS Failing Endpoints  THS Total Endpoints  
----------    --------          -------      -------  ---------------------  -------------------      -------      -------  ---------------------  -------------------  


------------------------------------------------------------------------------------------------
| Other Path Groups Table
| -----------------------
------------------------------------------------------------------------------------------------

Path Group    From Clock    To Clock          WNS(ns)      TNS(ns)  TNS Failing Endpoints  TNS Total Endpoints      WHS(ns)      THS(ns)  THS Failing Endpoints  THS Total Endpoints  
----------    ----------    --------          -------      -------  ---------------------  -------------------      -------      -------  ---------------------  -------------------  


------------------------------------------------------------------------------------------------
| User Ignored Path Table
| -----------------------
------------------------------------------------------------------------------------------------

Path Group    From Clock    To Clock    
----------    ----------    --------    


------------------------------------------------------------------------------------------------
| Unconstrained Path Table
| ------------------------
------------------------------------------------------------------------------------------------

Path Group    From Clock    To Clock    
----------    ----------    --------    
(none)                                    


------------------------------------------------------------------------------------------------
| Timing Details
| --------------
------------------------------------------------------------------------------------------------


--------------------------------------------------------------------------------------
Path Group:  (none)
From Clock:  
  To Clock:  

Max Delay          2027 Endpoints
Min Delay          2027 Endpoints
--------------------------------------------------------------------------------------


Max Delay Paths
--------------------------------------------------------------------------------------
Slack:                    inf
  Source:                 rst
                            (input port)
  Destination:            u1/rData_eth_fr_reg[95]/R
  Path Group:             (none)
  Path Type:              Max at Slow Process Corner
  Data Path Delay:        7.751ns  (logic 1.067ns (13.761%)  route 6.685ns (86.239%))
  Logic Levels:           2  (IBUF=1 LUT1=1)

    Location             Delay type                Incr(ns)  Path(ns)    Netlist Resource(s)
  -------------------------------------------------------------------    -------------------
    T17                                               0.000     0.000 f  rst (IN)
                         net (fo=0)                   0.000     0.000    rst
    T17                  IBUF (Prop_ibuf_I_O)         0.943     0.943 f  rst_IBUF_inst/O
                         net (fo=14, routed)          1.219     2.162    u1/rst_IBUF
    SLICE_X43Y4          LUT1 (Prop_lut1_I0_O)        0.124     2.286 r  u1/FSM_sequential_state[1]_i_1/O
                         net (fo=562, routed)         5.465     7.751    u1/rst
    SLICE_X38Y18         FDRE                                         r  u1/rData_eth_fr_reg[95]/R
  -------------------------------------------------------------------    -------------------

Slack:                    inf
  Source:                 rst
                            (input port)
  Destination:            u1/rData_eth_fr_reg[97]/R
  Path Group:             (none)
  Path Type:              Max at Slow Process Corner
  Data Path Delay:        7.751ns  (logic 1.067ns (13.761%)  route 6.685ns (86.239%))
  Logic Levels:           2  (IBUF=1 LUT1=1)

    Location             Delay type                Incr(ns)  Path(ns)    Netlist Resource(s)
  -------------------------------------------------------------------    -------------------
    T17                                               0.000     0.000 f  rst (IN)
                         net (fo=0)                   0.000     0.000    rst
    T17                  IBUF (Prop_ibuf_I_O)         0.943     0.943 f  rst_IBUF_inst/O
                         net (fo=14, routed)          1.219     2.162    u1/rst_IBUF
    SLICE_X43Y4          LUT1 (Prop_lut1_I0_O)        0.124     2.286 r  u1/FSM_sequential_state[1]_i_1/O
                         net (fo=562, routed)         5.465     7.751    u1/rst
    SLICE_X38Y18         FDRE                                         r  u1/rData_eth_fr_reg[97]/R
  -------------------------------------------------------------------    -------------------

Slack:                    inf
  Source:                 rst
                            (input port)
  Destination:            u1/rData_eth_fr_reg[98]/R
  Path Group:             (none)
  Path Type:              Max at Slow Process Corner
  Data Path Delay:        7.751ns  (logic 1.067ns (13.761%)  route 6.685ns (86.239%))
  Logic Levels:           2  (IBUF=1 LUT1=1)

    Location             Delay type                Incr(ns)  Path(ns)    Netlist Resource(s)
  -------------------------------------------------------------------    -------------------
    T17                                               0.000     0.000 f  rst (IN)
                         net (fo=0)                   0.000     0.000    rst
    T17                  IBUF (Prop_ibuf_I_O)         0.943     0.943 f  rst_IBUF_inst/O
                         net (fo=14, routed)          1.219     2.162    u1/rst_IBUF
    SLICE_X43Y4          LUT1 (Prop_lut1_I0_O)        0.124     2.286 r  u1/FSM_sequential_state[1]_i_1/O
                         net (fo=562, routed)         5.465     7.751    u1/rst
    SLICE_X38Y18         FDRE                                         r  u1/rData_eth_fr_reg[98]/R
  -------------------------------------------------------------------    -------------------

Slack:                    inf
  Source:                 rst
                            (input port)
  Destination:            u1/rData_eth_fr_reg[99]/R
  Path Group:             (none)
  Path Type:              Max at Slow Process Corner
  Data Path Delay:        7.751ns  (logic 1.067ns (13.761%)  route 6.685ns (86.239%))
  Logic Levels:           2  (IBUF=1 LUT1=1)

    Location             Delay type                Incr(ns)  Path(ns)    Netlist Resource(s)
  -------------------------------------------------------------------    -------------------
    T17                                               0.000     0.000 f  rst (IN)
                         net (fo=0)                   0.000     0.000    rst
    T17                  IBUF (Prop_ibuf_I_O)         0.943     0.943 f  rst_IBUF_inst/O
                         net (fo=14, routed)          1.219     2.162    u1/rst_IBUF
    SLICE_X43Y4          LUT1 (Prop_lut1_I0_O)        0.124     2.286 r  u1/FSM_sequential_state[1]_i_1/O
                         net (fo=562, routed)         5.465     7.751    u1/rst
    SLICE_X38Y18         FDRE                                         r  u1/rData_eth_fr_reg[99]/R
  -------------------------------------------------------------------    -------------------

Slack:                    inf
  Source:                 rst
                            (input port)
  Destination:            u1/rData_eth_fr_reg[360]/R
  Path Group:             (none)
  Path Type:              Max at Slow Process Corner
  Data Path Delay:        7.737ns  (logic 1.067ns (13.787%)  route 6.670ns (86.213%))
  Logic Levels:           2  (IBUF=1 LUT1=1)

    Location             Delay type                Incr(ns)  Path(ns)    Netlist Resource(s)
  -------------------------------------------------------------------    -------------------
    T17                                               0.000     0.000 f  rst (IN)
                         net (fo=0)                   0.000     0.000    rst
    T17                  IBUF (Prop_ibuf_I_O)         0.943     0.943 f  rst_IBUF_inst/O
                         net (fo=14, routed)          1.219     2.162    u1/rst_IBUF
    SLICE_X43Y4          LUT1 (Prop_lut1_I0_O)        0.124     2.286 r  u1/FSM_sequential_state[1]_i_1/O
                         net (fo=562, routed)         5.451     7.737    u1/rst
    SLICE_X41Y18         FDRE                                         r  u1/rData_eth_fr_reg[360]/R
  -------------------------------------------------------------------    -------------------

Slack:                    inf
  Source:                 rst
                            (input port)
  Destination:            u1/rData_eth_fr_reg[361]/R
  Path Group:             (none)
  Path Type:              Max at Slow Process Corner
  Data Path Delay:        7.737ns  (logic 1.067ns (13.787%)  route 6.670ns (86.213%))
  Logic Levels:           2  (IBUF=1 LUT1=1)

    Location             Delay type                Incr(ns)  Path(ns)    Netlist Resource(s)
  -------------------------------------------------------------------    -------------------
    T17                                               0.000     0.000 f  rst (IN)
                         net (fo=0)                   0.000     0.000    rst
    T17                  IBUF (Prop_ibuf_I_O)         0.943     0.943 f  rst_IBUF_inst/O
                         net (fo=14, routed)          1.219     2.162    u1/rst_IBUF
    SLICE_X43Y4          LUT1 (Prop_lut1_I0_O)        0.124     2.286 r  u1/FSM_sequential_state[1]_i_1/O
                         net (fo=562, routed)         5.451     7.737    u1/rst
    SLICE_X41Y18         FDRE                                         r  u1/rData_eth_fr_reg[361]/R
  -------------------------------------------------------------------    -------------------

Slack:                    inf
  Source:                 rst
                            (input port)
  Destination:            u1/rData_eth_fr_reg[370]/R
  Path Group:             (none)
  Path Type:              Max at Slow Process Corner
  Data Path Delay:        7.728ns  (logic 1.067ns (13.803%)  route 6.661ns (86.197%))
  Logic Levels:           2  (IBUF=1 LUT1=1)

    Location             Delay type                Incr(ns)  Path(ns)    Netlist Resource(s)
  -------------------------------------------------------------------    -------------------
    T17                                               0.000     0.000 f  rst (IN)
                         net (fo=0)                   0.000     0.000    rst
    T17                  IBUF (Prop_ibuf_I_O)         0.943     0.943 f  rst_IBUF_inst/O
                         net (fo=14, routed)          1.219     2.162    u1/rst_IBUF
    SLICE_X43Y4          LUT1 (Prop_lut1_I0_O)        0.124     2.286 r  u1/FSM_sequential_state[1]_i_1/O
                         net (fo=562, routed)         5.442     7.728    u1/rst
    SLICE_X40Y14         FDRE                                         r  u1/rData_eth_fr_reg[370]/R
  -------------------------------------------------------------------    -------------------

Slack:                    inf
  Source:                 rst
                            (input port)
  Destination:            u1/rData_eth_fr_reg[371]/R
  Path Group:             (none)
  Path Type:              Max at Slow Process Corner
  Data Path Delay:        7.728ns  (logic 1.067ns (13.803%)  route 6.661ns (86.197%))
  Logic Levels:           2  (IBUF=1 LUT1=1)

    Location             Delay type                Incr(ns)  Path(ns)    Netlist Resource(s)
  -------------------------------------------------------------------    -------------------
    T17                                               0.000     0.000 f  rst (IN)
                         net (fo=0)                   0.000     0.000    rst
    T17                  IBUF (Prop_ibuf_I_O)         0.943     0.943 f  rst_IBUF_inst/O
                         net (fo=14, routed)          1.219     2.162    u1/rst_IBUF
    SLICE_X43Y4          LUT1 (Prop_lut1_I0_O)        0.124     2.286 r  u1/FSM_sequential_state[1]_i_1/O
                         net (fo=562, routed)         5.442     7.728    u1/rst
    SLICE_X40Y14         FDRE                                         r  u1/rData_eth_fr_reg[371]/R
  -------------------------------------------------------------------    -------------------

Slack:                    inf
  Source:                 rst
                            (input port)
  Destination:            u1/rData_eth_fr_reg[372]/R
  Path Group:             (none)
  Path Type:              Max at Slow Process Corner
  Data Path Delay:        7.728ns  (logic 1.067ns (13.803%)  route 6.661ns (86.197%))
  Logic Levels:           2  (IBUF=1 LUT1=1)

    Location             Delay type                Incr(ns)  Path(ns)    Netlist Resource(s)
  -------------------------------------------------------------------    -------------------
    T17                                               0.000     0.000 f  rst (IN)
                         net (fo=0)                   0.000     0.000    rst
    T17                  IBUF (Prop_ibuf_I_O)         0.943     0.943 f  rst_IBUF_inst/O
                         net (fo=14, routed)          1.219     2.162    u1/rst_IBUF
    SLICE_X43Y4          LUT1 (Prop_lut1_I0_O)        0.124     2.286 r  u1/FSM_sequential_state[1]_i_1/O
                         net (fo=562, routed)         5.442     7.728    u1/rst
    SLICE_X40Y14         FDRE                                         r  u1/rData_eth_fr_reg[372]/R
  -------------------------------------------------------------------    -------------------

Slack:                    inf
  Source:                 rst
                            (input port)
  Destination:            u1/rData_eth_fr_reg[373]/R
  Path Group:             (none)
  Path Type:              Max at Slow Process Corner
  Data Path Delay:        7.728ns  (logic 1.067ns (13.803%)  route 6.661ns (86.197%))
  Logic Levels:           2  (IBUF=1 LUT1=1)

    Location             Delay type                Incr(ns)  Path(ns)    Netlist Resource(s)
  -------------------------------------------------------------------    -------------------
    T17                                               0.000     0.000 f  rst (IN)
                         net (fo=0)                   0.000     0.000    rst
    T17                  IBUF (Prop_ibuf_I_O)         0.943     0.943 f  rst_IBUF_inst/O
                         net (fo=14, routed)          1.219     2.162    u1/rst_IBUF
    SLICE_X43Y4          LUT1 (Prop_lut1_I0_O)        0.124     2.286 r  u1/FSM_sequential_state[1]_i_1/O
                         net (fo=562, routed)         5.442     7.728    u1/rst
    SLICE_X40Y14         FDRE                                         r  u1/rData_eth_fr_reg[373]/R
  -------------------------------------------------------------------    -------------------





Min Delay Paths
--------------------------------------------------------------------------------------
Slack:                    inf
  Source:                 u1/rData_eth_fr_reg[38]/C
                            (rising edge-triggered cell FDRE)
  Destination:            u1/rData_eth_fr_reg[37]/D
  Path Group:             (none)
  Path Type:              Min at Fast Process Corner
  Data Path Delay:        0.187ns  (logic 0.128ns (68.470%)  route 0.059ns (31.530%))
  Logic Levels:           1  (FDRE=1)

    Location             Delay type                Incr(ns)  Path(ns)    Netlist Resource(s)
  -------------------------------------------------------------------    -------------------
    SLICE_X35Y17         FDRE                         0.000     0.000 r  u1/rData_eth_fr_reg[38]/C
    SLICE_X35Y17         FDRE (Prop_fdre_C_Q)         0.128     0.128 r  u1/rData_eth_fr_reg[38]/Q
                         net (fo=1, routed)           0.059     0.187    u1/p_2_in[37]
    SLICE_X34Y17         FDRE                                         r  u1/rData_eth_fr_reg[37]/D
  -------------------------------------------------------------------    -------------------

Slack:                    inf
  Source:                 u1/rData_eth_fr_reg[564]/C
                            (rising edge-triggered cell FDRE)
  Destination:            u1/rData_eth_fr_reg[563]/D
  Path Group:             (none)
  Path Type:              Min at Fast Process Corner
  Data Path Delay:        0.187ns  (logic 0.128ns (68.397%)  route 0.059ns (31.603%))
  Logic Levels:           1  (FDRE=1)

    Location             Delay type                Incr(ns)  Path(ns)    Netlist Resource(s)
  -------------------------------------------------------------------    -------------------
    SLICE_X37Y12         FDRE                         0.000     0.000 r  u1/rData_eth_fr_reg[564]/C
    SLICE_X37Y12         FDRE (Prop_fdre_C_Q)         0.128     0.128 r  u1/rData_eth_fr_reg[564]/Q
                         net (fo=1, routed)           0.059     0.187    u1/p_2_in[563]
    SLICE_X36Y12         FDRE                                         r  u1/rData_eth_fr_reg[563]/D
  -------------------------------------------------------------------    -------------------

Slack:                    inf
  Source:                 u1/rData_eth_fr_reg[8]/C
                            (rising edge-triggered cell FDRE)
  Destination:            u1/rData_eth_fr_reg[7]/D
  Path Group:             (none)
  Path Type:              Min at Fast Process Corner
  Data Path Delay:        0.187ns  (logic 0.128ns (68.397%)  route 0.059ns (31.603%))
  Logic Levels:           1  (FDRE=1)

    Location             Delay type                Incr(ns)  Path(ns)    Netlist Resource(s)
  -------------------------------------------------------------------    -------------------
    SLICE_X36Y13         FDRE                         0.000     0.000 r  u1/rData_eth_fr_reg[8]/C
    SLICE_X36Y13         FDRE (Prop_fdre_C_Q)         0.128     0.128 r  u1/rData_eth_fr_reg[8]/Q
                         net (fo=1, routed)           0.059     0.187    u1/p_2_in[7]
    SLICE_X37Y13         FDRE                                         r  u1/rData_eth_fr_reg[7]/D
  -------------------------------------------------------------------    -------------------

Slack:                    inf
  Source:                 u1/rData_eth_fr_reg[82]/C
                            (rising edge-triggered cell FDRE)
  Destination:            u1/rData_eth_fr_reg[81]/D
  Path Group:             (none)
  Path Type:              Min at Fast Process Corner
  Data Path Delay:        0.187ns  (logic 0.128ns (68.397%)  route 0.059ns (31.603%))
  Logic Levels:           1  (FDRE=1)

    Location             Delay type                Incr(ns)  Path(ns)    Netlist Resource(s)
  -------------------------------------------------------------------    -------------------
    SLICE_X37Y15         FDRE                         0.000     0.000 r  u1/rData_eth_fr_reg[82]/C
    SLICE_X37Y15         FDRE (Prop_fdre_C_Q)         0.128     0.128 r  u1/rData_eth_fr_reg[82]/Q
                         net (fo=1, routed)           0.059     0.187    u1/p_2_in[81]
    SLICE_X36Y15         FDRE                                         r  u1/rData_eth_fr_reg[81]/D
  -------------------------------------------------------------------    -------------------

Slack:                    inf
  Source:                 u1/rData_eth_fr_reg[115]/C
                            (rising edge-triggered cell FDRE)
  Destination:            u1/rData_eth_fr_reg[114]/D
  Path Group:             (none)
  Path Type:              Min at Fast Process Corner
  Data Path Delay:        0.192ns  (logic 0.128ns (66.728%)  route 0.064ns (33.272%))
  Logic Levels:           1  (FDRE=1)

    Location             Delay type                Incr(ns)  Path(ns)    Netlist Resource(s)
  -------------------------------------------------------------------    -------------------
    SLICE_X36Y17         FDRE                         0.000     0.000 r  u1/rData_eth_fr_reg[115]/C
    SLICE_X36Y17         FDRE (Prop_fdre_C_Q)         0.128     0.128 r  u1/rData_eth_fr_reg[115]/Q
                         net (fo=1, routed)           0.064     0.192    u1/p_2_in[114]
    SLICE_X37Y17         FDRE                                         r  u1/rData_eth_fr_reg[114]/D
  -------------------------------------------------------------------    -------------------

Slack:                    inf
  Source:                 u1/rData_eth_fr_reg[26]/C
                            (rising edge-triggered cell FDRE)
  Destination:            u1/rData_eth_fr_reg[25]/D
  Path Group:             (none)
  Path Type:              Min at Fast Process Corner
  Data Path Delay:        0.207ns  (logic 0.148ns (71.500%)  route 0.059ns (28.500%))
  Logic Levels:           1  (FDRE=1)

    Location             Delay type                Incr(ns)  Path(ns)    Netlist Resource(s)
  -------------------------------------------------------------------    -------------------
    SLICE_X34Y18         FDRE                         0.000     0.000 r  u1/rData_eth_fr_reg[26]/C
    SLICE_X34Y18         FDRE (Prop_fdre_C_Q)         0.148     0.148 r  u1/rData_eth_fr_reg[26]/Q
                         net (fo=1, routed)           0.059     0.207    u1/p_2_in[25]
    SLICE_X35Y18         FDRE                                         r  u1/rData_eth_fr_reg[25]/D
  -------------------------------------------------------------------    -------------------

Slack:                    inf
  Source:                 u1/rData_eth_fr_reg[554]/C
                            (rising edge-triggered cell FDRE)
  Destination:            u1/rData_eth_fr_reg[553]/D
  Path Group:             (none)
  Path Type:              Min at Fast Process Corner
  Data Path Delay:        0.207ns  (logic 0.148ns (71.500%)  route 0.059ns (28.500%))
  Logic Levels:           1  (FDRE=1)

    Location             Delay type                Incr(ns)  Path(ns)    Netlist Resource(s)
  -------------------------------------------------------------------    -------------------
    SLICE_X32Y12         FDRE                         0.000     0.000 r  u1/rData_eth_fr_reg[554]/C
    SLICE_X32Y12         FDRE (Prop_fdre_C_Q)         0.148     0.148 r  u1/rData_eth_fr_reg[554]/Q
                         net (fo=1, routed)           0.059     0.207    u1/p_2_in[553]
    SLICE_X33Y12         FDRE                                         r  u1/rData_eth_fr_reg[553]/D
  -------------------------------------------------------------------    -------------------

Slack:                    inf
  Source:                 u1/rData_eth_fr_reg[60]/C
                            (rising edge-triggered cell FDRE)
  Destination:            u1/rData_eth_fr_reg[59]/D
  Path Group:             (none)
  Path Type:              Min at Fast Process Corner
  Data Path Delay:        0.216ns  (logic 0.164ns (75.889%)  route 0.052ns (24.111%))
  Logic Levels:           1  (FDRE=1)

    Location             Delay type                Incr(ns)  Path(ns)    Netlist Resource(s)
  -------------------------------------------------------------------    -------------------
    SLICE_X32Y17         FDRE                         0.000     0.000 r  u1/rData_eth_fr_reg[60]/C
    SLICE_X32Y17         FDRE (Prop_fdre_C_Q)         0.164     0.164 r  u1/rData_eth_fr_reg[60]/Q
                         net (fo=1, routed)           0.052     0.216    u1/p_2_in[59]
    SLICE_X33Y17         FDRE                                         r  u1/rData_eth_fr_reg[59]/D
  -------------------------------------------------------------------    -------------------

Slack:                    inf
  Source:                 u2/Bff_MACDest_reg[22]/C
                            (rising edge-triggered cell FDRE)
  Destination:            u2/Bff_MACDest_reg[30]/D
  Path Group:             (none)
  Path Type:              Min at Fast Process Corner
  Data Path Delay:        0.231ns  (logic 0.164ns (70.995%)  route 0.067ns (29.005%))
  Logic Levels:           1  (FDRE=1)

    Location             Delay type                Incr(ns)  Path(ns)    Netlist Resource(s)
  -------------------------------------------------------------------    -------------------
    SLICE_X38Y0          FDRE                         0.000     0.000 r  u2/Bff_MACDest_reg[22]/C
    SLICE_X38Y0          FDRE (Prop_fdre_C_Q)         0.164     0.164 r  u2/Bff_MACDest_reg[22]/Q
                         net (fo=4, routed)           0.067     0.231    u2/Bff_MACDest[22]
    SLICE_X38Y0          FDRE                                         r  u2/Bff_MACDest_reg[30]/D
  -------------------------------------------------------------------    -------------------

Slack:                    inf
  Source:                 u2/Bff_length_reg[0]/C
                            (rising edge-triggered cell FDRE)
  Destination:            u2/Bff_length_reg[8]/D
  Path Group:             (none)
  Path Type:              Min at Fast Process Corner
  Data Path Delay:        0.232ns  (logic 0.164ns (70.680%)  route 0.068ns (29.320%))
  Logic Levels:           1  (FDRE=1)

    Location             Delay type                Incr(ns)  Path(ns)    Netlist Resource(s)
  -------------------------------------------------------------------    -------------------
    SLICE_X42Y3          FDRE                         0.000     0.000 r  u2/Bff_length_reg[0]/C
    SLICE_X42Y3          FDRE (Prop_fdre_C_Q)         0.164     0.164 r  u2/Bff_length_reg[0]/Q
                         net (fo=2, routed)           0.068     0.232    u2/Q[0]
    SLICE_X42Y3          FDRE                                         r  u2/Bff_length_reg[8]/D
  -------------------------------------------------------------------    -------------------





