Copyright 1986-2022 Xilinx, Inc. All Rights Reserved. Copyright 2022-2024 Advanced Micro Devices, Inc. All Rights Reserved.
---------------------------------------------------------------------------------------------------------------------------------------------
| Tool Version : Vivado v.2024.2 (win64) Build 5239630 Fri Nov 08 22:35:27 MST 2024
| Date         : Tue Mar 25 14:00:54 2025
| Host         : B3N4Pz running 64-bit major release  (build 9200)
| Command      : report_control_sets -verbose -file topGHLM_control_sets_placed.rpt
| Design       : topGHLM
| Device       : xc7z010
---------------------------------------------------------------------------------------------------------------------------------------------

Control Set Information

Table of Contents
-----------------
1. Summary
2. Histogram
3. Flip-Flop Distribution
4. Detailed Control Set Information

1. Summary
----------

+----------------------------------------------------------+-------+
|                          Status                          | Count |
+----------------------------------------------------------+-------+
| Total control sets                                       |    11 |
|    Minimum number of control sets                        |    11 |
|    Addition due to synthesis replication                 |     0 |
|    Addition due to physical synthesis replication        |     0 |
| Unused register locations in slices containing registers |    37 |
+----------------------------------------------------------+-------+
* Control sets can be merged at opt_design using control_set_merge or merge_equivalent_drivers
** Run report_qor_suggestions for automated merging and remapping suggestions


2. Histogram
------------

+--------------------+-------+
|       Fanout       | Count |
+--------------------+-------+
| Total control sets |    11 |
| >= 0 to < 4        |     0 |
| >= 4 to < 6        |     1 |
| >= 6 to < 8        |     2 |
| >= 8 to < 10       |     1 |
| >= 10 to < 12      |     2 |
| >= 12 to < 14      |     0 |
| >= 14 to < 16      |     1 |
| >= 16              |     4 |
+--------------------+-------+
* Control sets can be remapped at either synth_design or opt_design


3. Flip-Flop Distribution
-------------------------

+--------------+-----------------------+------------------------+-----------------+--------------+
| Clock Enable | Synchronous Set/Reset | Asynchronous Set/Reset | Total Registers | Total Slices |
+--------------+-----------------------+------------------------+-----------------+--------------+
| No           | No                    | No                     |               5 |            4 |
| No           | No                    | Yes                    |               0 |            0 |
| No           | Yes                   | No                     |              57 |           18 |
| Yes          | No                    | No                     |              11 |            4 |
| Yes          | No                    | Yes                    |               0 |            0 |
| Yes          | Yes                   | No                     |             626 |          110 |
+--------------+-----------------------+------------------------+-----------------+--------------+


4. Detailed Control Set Information
-----------------------------------

+----------------+------------------------------+------------------------------+------------------+----------------+--------------+
|  Clock Signal  |         Enable Signal        |       Set/Reset Signal       | Slice Load Count | Bel Load Count | Bels / Slice |
+----------------+------------------------------+------------------------------+------------------+----------------+--------------+
|  clk_IBUF_BUFG |                              |                              |                4 |              5 |         1.25 |
|  clk_IBUF_BUFG | u1/rData_eth_fr              |                              |                1 |              6 |         6.00 |
|  clk_IBUF_BUFG |                              | u1/rStop_cnt[6]_i_1_n_0      |                2 |              7 |         3.50 |
|  clk_IBUF_BUFG | rst_IBUF                     |                              |                3 |              8 |         2.67 |
|  clk_IBUF_BUFG |                              | u1/rEth_fr_cnt[9]_i_1_n_0    |                3 |             10 |         3.33 |
|  clk_IBUF_BUFG | u2/Bff_length                | u1/rst                       |                3 |             11 |         3.67 |
|  clk_IBUF_BUFG |                              | u3/SndEthFrCnt               |                4 |             14 |         3.50 |
|  clk_IBUF_BUFG |                              | u1/rst                       |                9 |             26 |         2.89 |
|  clk_IBUF_BUFG | u2/Bff_MACDest_0             | u1/rst                       |               13 |             48 |         3.69 |
|  clk_IBUF_BUFG | u1/rData_eth_fr              | u1/rData_eth_fr[572]_i_1_n_0 |               18 |             90 |         5.00 |
|  clk_IBUF_BUFG | u1/rData_eth_fr[574]_i_1_n_0 | u1/rst                       |               76 |            477 |         6.28 |
+----------------+------------------------------+------------------------------+------------------+----------------+--------------+


